goos: darwin
goarch: arm64
pkg: github.com/jub0bs/errutil
cpu: Apple M4
BenchmarkAll/impl=errors.As/c=nil_error,_nil_target-10         	   10000	         4.400 ns/op	       0 B/op	       0 allocs/op
BenchmarkAll/impl=errors.As/c=nil_error,_nil_target-10         	   10000	         4.058 ns/op	       0 B/op	       0 allocs/op
BenchmarkAll/impl=errors.As/c=nil_error,_nil_target-10         	   10000	         4.358 ns/op	       0 B/op	       0 allocs/op
BenchmarkAll/impl=errors.As/c=nil_error,_nil_target-10         	   10000	         3.504 ns/op	       0 B/op	       0 allocs/op
BenchmarkAll/impl=errors.As/c=nil_error,_nil_target-10         	   10000	         3.500 ns/op	       0 B/op	       0 allocs/op
BenchmarkAll/impl=errors.As/c=nil_error,_nil_target-10         	   10000	         3.504 ns/op	       0 B/op	       0 allocs/op
BenchmarkAll/impl=errors.As/c=nil_error,_nil_target-10         	   10000	         3.696 ns/op	       0 B/op	       0 allocs/op
BenchmarkAll/impl=errors.As/c=nil_error,_nil_target-10         	   10000	         3.737 ns/op	       0 B/op	       0 allocs/op
BenchmarkAll/impl=errors.As/c=nil_error,_nil_target-10         	   10000	         3.650 ns/op	       0 B/op	       0 allocs/op
BenchmarkAll/impl=errors.As/c=nil_error,_nil_target-10         	   10000	         3.817 ns/op	       0 B/op	       0 allocs/op
BenchmarkAll/impl=errutil.As/c=nil_error,_nil_target-10        	   10000	         3.175 ns/op	       0 B/op	       0 allocs/op
BenchmarkAll/impl=errutil.As/c=nil_error,_nil_target-10        	   10000	         3.054 ns/op	       0 B/op	       0 allocs/op
BenchmarkAll/impl=errutil.As/c=nil_error,_nil_target-10        	   10000	         2.954 ns/op	       0 B/op	       0 allocs/op
BenchmarkAll/impl=errutil.As/c=nil_error,_nil_target-10        	   10000	         2.979 ns/op	       0 B/op	       0 allocs/op
BenchmarkAll/impl=errutil.As/c=nil_error,_nil_target-10        	   10000	         2.954 ns/op	       0 B/op	       0 allocs/op
BenchmarkAll/impl=errutil.As/c=nil_error,_nil_target-10        	   10000	         4.075 ns/op	       0 B/op	       0 allocs/op
BenchmarkAll/impl=errutil.As/c=nil_error,_nil_target-10        	   10000	         4.033 ns/op	       0 B/op	       0 allocs/op
BenchmarkAll/impl=errutil.As/c=nil_error,_nil_target-10        	   10000	         4.017 ns/op	       0 B/op	       0 allocs/op
BenchmarkAll/impl=errutil.As/c=nil_error,_nil_target-10        	   10000	         4.017 ns/op	       0 B/op	       0 allocs/op
BenchmarkAll/impl=errutil.As/c=nil_error,_nil_target-10        	   10000	         4.017 ns/op	       0 B/op	       0 allocs/op
BenchmarkAll/impl=errutil.Find/c=nil_error,_nil_target-10      	   10000	         4.875 ns/op	       0 B/op	       0 allocs/op
BenchmarkAll/impl=errutil.Find/c=nil_error,_nil_target-10      	   10000	         4.062 ns/op	       0 B/op	       0 allocs/op
BenchmarkAll/impl=errutil.Find/c=nil_error,_nil_target-10      	   10000	         4.046 ns/op	       0 B/op	       0 allocs/op
BenchmarkAll/impl=errutil.Find/c=nil_error,_nil_target-10      	   10000	         4.050 ns/op	       0 B/op	       0 allocs/op
BenchmarkAll/impl=errutil.Find/c=nil_error,_nil_target-10      	   10000	         4.054 ns/op	       0 B/op	       0 allocs/op
BenchmarkAll/impl=errutil.Find/c=nil_error,_nil_target-10      	   10000	         4.037 ns/op	       0 B/op	       0 allocs/op
BenchmarkAll/impl=errutil.Find/c=nil_error,_nil_target-10      	   10000	         4.075 ns/op	       0 B/op	       0 allocs/op
BenchmarkAll/impl=errutil.Find/c=nil_error,_nil_target-10      	   10000	         4.062 ns/op	       0 B/op	       0 allocs/op
BenchmarkAll/impl=errutil.Find/c=nil_error,_nil_target-10      	   10000	         4.096 ns/op	       0 B/op	       0 allocs/op
BenchmarkAll/impl=errutil.Find/c=nil_error,_nil_target-10      	   10000	         4.046 ns/op	       0 B/op	       0 allocs/op
BenchmarkAll/impl=errors.As/c=nil_error,_non-nil_target-10     	   10000	        28.15 ns/op	      16 B/op	       1 allocs/op
BenchmarkAll/impl=errors.As/c=nil_error,_non-nil_target-10     	   10000	        26.67 ns/op	      16 B/op	       1 allocs/op
BenchmarkAll/impl=errors.As/c=nil_error,_non-nil_target-10     	   10000	        21.45 ns/op	      16 B/op	       1 allocs/op
BenchmarkAll/impl=errors.As/c=nil_error,_non-nil_target-10     	   10000	        20.61 ns/op	      16 B/op	       1 allocs/op
BenchmarkAll/impl=errors.As/c=nil_error,_non-nil_target-10     	   10000	        19.66 ns/op	      16 B/op	       1 allocs/op
BenchmarkAll/impl=errors.As/c=nil_error,_non-nil_target-10     	   10000	        22.20 ns/op	      16 B/op	       1 allocs/op
BenchmarkAll/impl=errors.As/c=nil_error,_non-nil_target-10     	   10000	        20.22 ns/op	      16 B/op	       1 allocs/op
BenchmarkAll/impl=errors.As/c=nil_error,_non-nil_target-10     	   10000	        20.94 ns/op	      16 B/op	       1 allocs/op
BenchmarkAll/impl=errors.As/c=nil_error,_non-nil_target-10     	   10000	        20.97 ns/op	      16 B/op	       1 allocs/op
BenchmarkAll/impl=errors.As/c=nil_error,_non-nil_target-10     	   10000	        22.23 ns/op	      16 B/op	       1 allocs/op
BenchmarkAll/impl=errutil.As/c=nil_error,_non-nil_target-10    	   10000	        20.87 ns/op	      16 B/op	       1 allocs/op
BenchmarkAll/impl=errutil.As/c=nil_error,_non-nil_target-10    	   10000	        21.06 ns/op	      16 B/op	       1 allocs/op
BenchmarkAll/impl=errutil.As/c=nil_error,_non-nil_target-10    	   10000	        19.81 ns/op	      16 B/op	       1 allocs/op
BenchmarkAll/impl=errutil.As/c=nil_error,_non-nil_target-10    	   10000	        19.82 ns/op	      16 B/op	       1 allocs/op
BenchmarkAll/impl=errutil.As/c=nil_error,_non-nil_target-10    	   10000	        20.03 ns/op	      16 B/op	       1 allocs/op
BenchmarkAll/impl=errutil.As/c=nil_error,_non-nil_target-10    	   10000	        20.05 ns/op	      16 B/op	       1 allocs/op
BenchmarkAll/impl=errutil.As/c=nil_error,_non-nil_target-10    	   10000	        21.20 ns/op	      16 B/op	       1 allocs/op
BenchmarkAll/impl=errutil.As/c=nil_error,_non-nil_target-10    	   10000	        20.51 ns/op	      16 B/op	       1 allocs/op
BenchmarkAll/impl=errutil.As/c=nil_error,_non-nil_target-10    	   10000	        19.42 ns/op	      16 B/op	       1 allocs/op
BenchmarkAll/impl=errutil.As/c=nil_error,_non-nil_target-10    	   10000	        20.82 ns/op	      16 B/op	       1 allocs/op
BenchmarkAll/impl=errutil.Find/c=nil_error,_non-nil_target-10  	   10000	         3.533 ns/op	       0 B/op	       0 allocs/op
BenchmarkAll/impl=errutil.Find/c=nil_error,_non-nil_target-10  	   10000	         3.529 ns/op	       0 B/op	       0 allocs/op
BenchmarkAll/impl=errutil.Find/c=nil_error,_non-nil_target-10  	   10000	         3.517 ns/op	       0 B/op	       0 allocs/op
BenchmarkAll/impl=errutil.Find/c=nil_error,_non-nil_target-10  	   10000	         3.538 ns/op	       0 B/op	       0 allocs/op
BenchmarkAll/impl=errutil.Find/c=nil_error,_non-nil_target-10  	   10000	         3.492 ns/op	       0 B/op	       0 allocs/op
BenchmarkAll/impl=errutil.Find/c=nil_error,_non-nil_target-10  	   10000	         3.446 ns/op	       0 B/op	       0 allocs/op
BenchmarkAll/impl=errutil.Find/c=nil_error,_non-nil_target-10  	   10000	         3.500 ns/op	       0 B/op	       0 allocs/op
BenchmarkAll/impl=errutil.Find/c=nil_error,_non-nil_target-10  	   10000	         3.521 ns/op	       0 B/op	       0 allocs/op
BenchmarkAll/impl=errutil.Find/c=nil_error,_non-nil_target-10  	   10000	         3.521 ns/op	       0 B/op	       0 allocs/op
BenchmarkAll/impl=errutil.Find/c=nil_error,_non-nil_target-10  	   10000	         3.504 ns/op	       0 B/op	       0 allocs/op
BenchmarkAll/impl=errors.As/c=no_match-10                      	   10000	        71.70 ns/op	      16 B/op	       1 allocs/op
BenchmarkAll/impl=errors.As/c=no_match-10                      	   10000	        71.51 ns/op	      16 B/op	       1 allocs/op
BenchmarkAll/impl=errors.As/c=no_match-10                      	   10000	        65.90 ns/op	      16 B/op	       1 allocs/op
BenchmarkAll/impl=errors.As/c=no_match-10                      	   10000	        67.40 ns/op	      16 B/op	       1 allocs/op
BenchmarkAll/impl=errors.As/c=no_match-10                      	   10000	        65.51 ns/op	      16 B/op	       1 allocs/op
BenchmarkAll/impl=errors.As/c=no_match-10                      	   10000	        71.16 ns/op	      16 B/op	       1 allocs/op
BenchmarkAll/impl=errors.As/c=no_match-10                      	   10000	        64.85 ns/op	      16 B/op	       1 allocs/op
BenchmarkAll/impl=errors.As/c=no_match-10                      	   10000	        64.42 ns/op	      16 B/op	       1 allocs/op
BenchmarkAll/impl=errors.As/c=no_match-10                      	   10000	        64.53 ns/op	      16 B/op	       1 allocs/op
BenchmarkAll/impl=errors.As/c=no_match-10                      	   10000	        71.16 ns/op	      16 B/op	       1 allocs/op
BenchmarkAll/impl=errutil.As/c=no_match-10                     	   10000	        27.53 ns/op	      16 B/op	       1 allocs/op
BenchmarkAll/impl=errutil.As/c=no_match-10                     	   10000	        25.36 ns/op	      16 B/op	       1 allocs/op
BenchmarkAll/impl=errutil.As/c=no_match-10                     	   10000	        26.62 ns/op	      16 B/op	       1 allocs/op
BenchmarkAll/impl=errutil.As/c=no_match-10                     	   10000	        26.09 ns/op	      16 B/op	       1 allocs/op
BenchmarkAll/impl=errutil.As/c=no_match-10                     	   10000	        28.87 ns/op	      16 B/op	       1 allocs/op
BenchmarkAll/impl=errutil.As/c=no_match-10                     	   10000	        26.41 ns/op	      16 B/op	       1 allocs/op
BenchmarkAll/impl=errutil.As/c=no_match-10                     	   10000	        25.07 ns/op	      16 B/op	       1 allocs/op
BenchmarkAll/impl=errutil.As/c=no_match-10                     	   10000	        24.87 ns/op	      16 B/op	       1 allocs/op
BenchmarkAll/impl=errutil.As/c=no_match-10                     	   10000	        25.41 ns/op	      16 B/op	       1 allocs/op
BenchmarkAll/impl=errutil.As/c=no_match-10                     	   10000	        25.74 ns/op	      16 B/op	       1 allocs/op
BenchmarkAll/impl=errutil.Find/c=no_match-10                   	   10000	         7.700 ns/op	       0 B/op	       0 allocs/op
BenchmarkAll/impl=errutil.Find/c=no_match-10                   	   10000	         7.733 ns/op	       0 B/op	       0 allocs/op
BenchmarkAll/impl=errutil.Find/c=no_match-10                   	   10000	         7.796 ns/op	       0 B/op	       0 allocs/op
BenchmarkAll/impl=errutil.Find/c=no_match-10                   	   10000	         7.737 ns/op	       0 B/op	       0 allocs/op
BenchmarkAll/impl=errutil.Find/c=no_match-10                   	   10000	         7.729 ns/op	       0 B/op	       0 allocs/op
BenchmarkAll/impl=errutil.Find/c=no_match-10                   	   10000	         7.800 ns/op	       0 B/op	       0 allocs/op
BenchmarkAll/impl=errutil.Find/c=no_match-10                   	   10000	         7.767 ns/op	       0 B/op	       0 allocs/op
BenchmarkAll/impl=errutil.Find/c=no_match-10                   	   10000	         7.750 ns/op	       0 B/op	       0 allocs/op
BenchmarkAll/impl=errutil.Find/c=no_match-10                   	   10000	         7.729 ns/op	       0 B/op	       0 allocs/op
BenchmarkAll/impl=errutil.Find/c=no_match-10                   	   10000	         7.787 ns/op	       0 B/op	       0 allocs/op
BenchmarkAll/impl=errors.As/c=simple_match-10                  	   10000	        76.62 ns/op	      16 B/op	       1 allocs/op
BenchmarkAll/impl=errors.As/c=simple_match-10                  	   10000	        81.26 ns/op	      16 B/op	       1 allocs/op
BenchmarkAll/impl=errors.As/c=simple_match-10                  	   10000	        77.04 ns/op	      16 B/op	       1 allocs/op
BenchmarkAll/impl=errors.As/c=simple_match-10                  	   10000	        81.82 ns/op	      16 B/op	       1 allocs/op
BenchmarkAll/impl=errors.As/c=simple_match-10                  	   10000	        82.20 ns/op	      16 B/op	       1 allocs/op
BenchmarkAll/impl=errors.As/c=simple_match-10                  	   10000	        79.27 ns/op	      16 B/op	       1 allocs/op
BenchmarkAll/impl=errors.As/c=simple_match-10                  	   10000	        82.52 ns/op	      16 B/op	       1 allocs/op
BenchmarkAll/impl=errors.As/c=simple_match-10                  	   10000	        79.48 ns/op	      16 B/op	       1 allocs/op
BenchmarkAll/impl=errors.As/c=simple_match-10                  	   10000	        81.75 ns/op	      16 B/op	       1 allocs/op
BenchmarkAll/impl=errors.As/c=simple_match-10                  	   10000	        77.51 ns/op	      16 B/op	       1 allocs/op
BenchmarkAll/impl=errutil.As/c=simple_match-10                 	   10000	        22.63 ns/op	      16 B/op	       1 allocs/op
BenchmarkAll/impl=errutil.As/c=simple_match-10                 	   10000	        21.77 ns/op	      16 B/op	       1 allocs/op
BenchmarkAll/impl=errutil.As/c=simple_match-10                 	   10000	        22.07 ns/op	      16 B/op	       1 allocs/op
BenchmarkAll/impl=errutil.As/c=simple_match-10                 	   10000	        22.56 ns/op	      16 B/op	       1 allocs/op
BenchmarkAll/impl=errutil.As/c=simple_match-10                 	   10000	        22.77 ns/op	      16 B/op	       1 allocs/op
BenchmarkAll/impl=errutil.As/c=simple_match-10                 	   10000	        23.11 ns/op	      16 B/op	       1 allocs/op
BenchmarkAll/impl=errutil.As/c=simple_match-10                 	   10000	        22.59 ns/op	      16 B/op	       1 allocs/op
BenchmarkAll/impl=errutil.As/c=simple_match-10                 	   10000	        22.68 ns/op	      16 B/op	       1 allocs/op
BenchmarkAll/impl=errutil.As/c=simple_match-10                 	   10000	        23.42 ns/op	      16 B/op	       1 allocs/op
BenchmarkAll/impl=errutil.As/c=simple_match-10                 	   10000	        23.55 ns/op	      16 B/op	       1 allocs/op
BenchmarkAll/impl=errutil.Find/c=simple_match-10               	   10000	         5.787 ns/op	       0 B/op	       0 allocs/op
BenchmarkAll/impl=errutil.Find/c=simple_match-10               	   10000	         5.767 ns/op	       0 B/op	       0 allocs/op
BenchmarkAll/impl=errutil.Find/c=simple_match-10               	   10000	         5.767 ns/op	       0 B/op	       0 allocs/op
BenchmarkAll/impl=errutil.Find/c=simple_match-10               	   10000	         5.758 ns/op	       0 B/op	       0 allocs/op
BenchmarkAll/impl=errutil.Find/c=simple_match-10               	   10000	         5.775 ns/op	       0 B/op	       0 allocs/op
BenchmarkAll/impl=errutil.Find/c=simple_match-10               	   10000	         5.812 ns/op	       0 B/op	       0 allocs/op
BenchmarkAll/impl=errutil.Find/c=simple_match-10               	   10000	         5.783 ns/op	       0 B/op	       0 allocs/op
BenchmarkAll/impl=errutil.Find/c=simple_match-10               	   10000	         5.763 ns/op	       0 B/op	       0 allocs/op
BenchmarkAll/impl=errutil.Find/c=simple_match-10               	   10000	         5.783 ns/op	       0 B/op	       0 allocs/op
BenchmarkAll/impl=errutil.Find/c=simple_match-10               	   10000	         5.742 ns/op	       0 B/op	       0 allocs/op
BenchmarkAll/impl=errors.As/c=aser-10                          	   10000	        71.25 ns/op	      16 B/op	       1 allocs/op
BenchmarkAll/impl=errors.As/c=aser-10                          	   10000	        76.83 ns/op	      16 B/op	       1 allocs/op
BenchmarkAll/impl=errors.As/c=aser-10                          	   10000	        70.80 ns/op	      16 B/op	       1 allocs/op
BenchmarkAll/impl=errors.As/c=aser-10                          	   10000	        68.47 ns/op	      16 B/op	       1 allocs/op
BenchmarkAll/impl=errors.As/c=aser-10                          	   10000	        76.67 ns/op	      16 B/op	       1 allocs/op
BenchmarkAll/impl=errors.As/c=aser-10                          	   10000	        67.79 ns/op	      16 B/op	       1 allocs/op
BenchmarkAll/impl=errors.As/c=aser-10                          	   10000	        68.39 ns/op	      16 B/op	       1 allocs/op
BenchmarkAll/impl=errors.As/c=aser-10                          	   10000	        69.80 ns/op	      16 B/op	       1 allocs/op
BenchmarkAll/impl=errors.As/c=aser-10                          	   10000	        68.06 ns/op	      16 B/op	       1 allocs/op
BenchmarkAll/impl=errors.As/c=aser-10                          	   10000	        65.16 ns/op	      16 B/op	       1 allocs/op
BenchmarkAll/impl=errutil.As/c=aser-10                         	   10000	        50.04 ns/op	      32 B/op	       2 allocs/op
BenchmarkAll/impl=errutil.As/c=aser-10                         	   10000	        48.23 ns/op	      32 B/op	       2 allocs/op
BenchmarkAll/impl=errutil.As/c=aser-10                         	   10000	        48.44 ns/op	      32 B/op	       2 allocs/op
BenchmarkAll/impl=errutil.As/c=aser-10                         	   10000	        45.52 ns/op	      32 B/op	       2 allocs/op
BenchmarkAll/impl=errutil.As/c=aser-10                         	   10000	        48.50 ns/op	      32 B/op	       2 allocs/op
BenchmarkAll/impl=errutil.As/c=aser-10                         	   10000	        47.25 ns/op	      32 B/op	       2 allocs/op
BenchmarkAll/impl=errutil.As/c=aser-10                         	   10000	        44.83 ns/op	      32 B/op	       2 allocs/op
BenchmarkAll/impl=errutil.As/c=aser-10                         	   10000	        46.75 ns/op	      32 B/op	       2 allocs/op
BenchmarkAll/impl=errutil.As/c=aser-10                         	   10000	        46.86 ns/op	      32 B/op	       2 allocs/op
BenchmarkAll/impl=errutil.As/c=aser-10                         	   10000	        46.30 ns/op	      32 B/op	       2 allocs/op
BenchmarkAll/impl=errutil.Find/c=aser-10                       	   10000	        30.30 ns/op	      16 B/op	       1 allocs/op
BenchmarkAll/impl=errutil.Find/c=aser-10                       	   10000	        27.32 ns/op	      16 B/op	       1 allocs/op
BenchmarkAll/impl=errutil.Find/c=aser-10                       	   10000	        28.34 ns/op	      16 B/op	       1 allocs/op
BenchmarkAll/impl=errutil.Find/c=aser-10                       	   10000	        27.69 ns/op	      16 B/op	       1 allocs/op
BenchmarkAll/impl=errutil.Find/c=aser-10                       	   10000	        30.50 ns/op	      16 B/op	       1 allocs/op
BenchmarkAll/impl=errutil.Find/c=aser-10                       	   10000	        28.56 ns/op	      16 B/op	       1 allocs/op
BenchmarkAll/impl=errutil.Find/c=aser-10                       	   10000	        28.18 ns/op	      16 B/op	       1 allocs/op
BenchmarkAll/impl=errutil.Find/c=aser-10                       	   10000	        28.59 ns/op	      16 B/op	       1 allocs/op
BenchmarkAll/impl=errutil.Find/c=aser-10                       	   10000	        26.76 ns/op	      16 B/op	       1 allocs/op
BenchmarkAll/impl=errutil.Find/c=aser-10                       	   10000	        27.80 ns/op	      16 B/op	       1 allocs/op
BenchmarkAll/impl=errors.As/c=wrapper_that_wraps_nil_error-10  	   10000	        77.39 ns/op	      16 B/op	       1 allocs/op
BenchmarkAll/impl=errors.As/c=wrapper_that_wraps_nil_error-10  	   10000	        66.54 ns/op	      16 B/op	       1 allocs/op
BenchmarkAll/impl=errors.As/c=wrapper_that_wraps_nil_error-10  	   10000	        64.32 ns/op	      16 B/op	       1 allocs/op
BenchmarkAll/impl=errors.As/c=wrapper_that_wraps_nil_error-10  	   10000	        66.87 ns/op	      16 B/op	       1 allocs/op
BenchmarkAll/impl=errors.As/c=wrapper_that_wraps_nil_error-10  	   10000	        71.03 ns/op	      16 B/op	       1 allocs/op
BenchmarkAll/impl=errors.As/c=wrapper_that_wraps_nil_error-10  	   10000	        63.50 ns/op	      16 B/op	       1 allocs/op
BenchmarkAll/impl=errors.As/c=wrapper_that_wraps_nil_error-10  	   10000	        65.82 ns/op	      16 B/op	       1 allocs/op
BenchmarkAll/impl=errors.As/c=wrapper_that_wraps_nil_error-10  	   10000	        66.42 ns/op	      16 B/op	       1 allocs/op
BenchmarkAll/impl=errors.As/c=wrapper_that_wraps_nil_error-10  	   10000	        66.22 ns/op	      16 B/op	       1 allocs/op
BenchmarkAll/impl=errors.As/c=wrapper_that_wraps_nil_error-10  	   10000	        67.06 ns/op	      16 B/op	       1 allocs/op
BenchmarkAll/impl=errutil.As/c=wrapper_that_wraps_nil_error-10 	   10000	        26.47 ns/op	      16 B/op	       1 allocs/op
BenchmarkAll/impl=errutil.As/c=wrapper_that_wraps_nil_error-10 	   10000	        26.30 ns/op	      16 B/op	       1 allocs/op
BenchmarkAll/impl=errutil.As/c=wrapper_that_wraps_nil_error-10 	   10000	        25.84 ns/op	      16 B/op	       1 allocs/op
BenchmarkAll/impl=errutil.As/c=wrapper_that_wraps_nil_error-10 	   10000	        26.46 ns/op	      16 B/op	       1 allocs/op
BenchmarkAll/impl=errutil.As/c=wrapper_that_wraps_nil_error-10 	   10000	        27.37 ns/op	      16 B/op	       1 allocs/op
BenchmarkAll/impl=errutil.As/c=wrapper_that_wraps_nil_error-10 	   10000	        26.25 ns/op	      16 B/op	       1 allocs/op
BenchmarkAll/impl=errutil.As/c=wrapper_that_wraps_nil_error-10 	   10000	        27.38 ns/op	      16 B/op	       1 allocs/op
BenchmarkAll/impl=errutil.As/c=wrapper_that_wraps_nil_error-10 	   10000	        25.77 ns/op	      16 B/op	       1 allocs/op
BenchmarkAll/impl=errutil.As/c=wrapper_that_wraps_nil_error-10 	   10000	        26.27 ns/op	      16 B/op	       1 allocs/op
BenchmarkAll/impl=errutil.As/c=wrapper_that_wraps_nil_error-10 	   10000	        27.47 ns/op	      16 B/op	       1 allocs/op
BenchmarkAll/impl=errutil.Find/c=wrapper_that_wraps_nil_error-10         	   10000	         8.463 ns/op	       0 B/op	       0 allocs/op
BenchmarkAll/impl=errutil.Find/c=wrapper_that_wraps_nil_error-10         	   10000	         8.425 ns/op	       0 B/op	       0 allocs/op
BenchmarkAll/impl=errutil.Find/c=wrapper_that_wraps_nil_error-10         	   10000	         8.450 ns/op	       0 B/op	       0 allocs/op
BenchmarkAll/impl=errutil.Find/c=wrapper_that_wraps_nil_error-10         	   10000	         8.767 ns/op	       0 B/op	       0 allocs/op
BenchmarkAll/impl=errutil.Find/c=wrapper_that_wraps_nil_error-10         	   10000	         8.396 ns/op	       0 B/op	       0 allocs/op
BenchmarkAll/impl=errutil.Find/c=wrapper_that_wraps_nil_error-10         	   10000	         8.500 ns/op	       0 B/op	       0 allocs/op
BenchmarkAll/impl=errutil.Find/c=wrapper_that_wraps_nil_error-10         	   10000	         8.400 ns/op	       0 B/op	       0 allocs/op
BenchmarkAll/impl=errutil.Find/c=wrapper_that_wraps_nil_error-10         	   10000	         8.346 ns/op	       0 B/op	       0 allocs/op
BenchmarkAll/impl=errutil.Find/c=wrapper_that_wraps_nil_error-10         	   10000	         8.467 ns/op	       0 B/op	       0 allocs/op
BenchmarkAll/impl=errutil.Find/c=wrapper_that_wraps_nil_error-10         	   10000	         8.492 ns/op	       0 B/op	       0 allocs/op
BenchmarkAll/impl=errors.As/c=wrapper_that_contains_match-10             	   10000	        87.24 ns/op	      16 B/op	       1 allocs/op
BenchmarkAll/impl=errors.As/c=wrapper_that_contains_match-10             	   10000	        87.64 ns/op	      16 B/op	       1 allocs/op
BenchmarkAll/impl=errors.As/c=wrapper_that_contains_match-10             	   10000	        87.80 ns/op	      16 B/op	       1 allocs/op
BenchmarkAll/impl=errors.As/c=wrapper_that_contains_match-10             	   10000	        87.56 ns/op	      16 B/op	       1 allocs/op
BenchmarkAll/impl=errors.As/c=wrapper_that_contains_match-10             	   10000	        87.50 ns/op	      16 B/op	       1 allocs/op
BenchmarkAll/impl=errors.As/c=wrapper_that_contains_match-10             	   10000	        89.46 ns/op	      16 B/op	       1 allocs/op
BenchmarkAll/impl=errors.As/c=wrapper_that_contains_match-10             	   10000	        92.80 ns/op	      16 B/op	       1 allocs/op
BenchmarkAll/impl=errors.As/c=wrapper_that_contains_match-10             	   10000	        88.75 ns/op	      16 B/op	       1 allocs/op
BenchmarkAll/impl=errors.As/c=wrapper_that_contains_match-10             	   10000	        87.86 ns/op	      16 B/op	       1 allocs/op
BenchmarkAll/impl=errors.As/c=wrapper_that_contains_match-10             	   10000	        87.98 ns/op	      16 B/op	       1 allocs/op
BenchmarkAll/impl=errutil.As/c=wrapper_that_contains_match-10            	   10000	        25.81 ns/op	      16 B/op	       1 allocs/op
BenchmarkAll/impl=errutil.As/c=wrapper_that_contains_match-10            	   10000	        25.84 ns/op	      16 B/op	       1 allocs/op
BenchmarkAll/impl=errutil.As/c=wrapper_that_contains_match-10            	   10000	        26.17 ns/op	      16 B/op	       1 allocs/op
BenchmarkAll/impl=errutil.As/c=wrapper_that_contains_match-10            	   10000	        27.05 ns/op	      16 B/op	       1 allocs/op
BenchmarkAll/impl=errutil.As/c=wrapper_that_contains_match-10            	   10000	        27.34 ns/op	      16 B/op	       1 allocs/op
BenchmarkAll/impl=errutil.As/c=wrapper_that_contains_match-10            	   10000	        27.05 ns/op	      16 B/op	       1 allocs/op
BenchmarkAll/impl=errutil.As/c=wrapper_that_contains_match-10            	   10000	        27.09 ns/op	      16 B/op	       1 allocs/op
BenchmarkAll/impl=errutil.As/c=wrapper_that_contains_match-10            	   10000	        28.22 ns/op	      16 B/op	       1 allocs/op
BenchmarkAll/impl=errutil.As/c=wrapper_that_contains_match-10            	   10000	        26.63 ns/op	      16 B/op	       1 allocs/op
BenchmarkAll/impl=errutil.As/c=wrapper_that_contains_match-10            	   10000	        26.54 ns/op	      16 B/op	       1 allocs/op
BenchmarkAll/impl=errutil.Find/c=wrapper_that_contains_match-10          	   10000	         9.121 ns/op	       0 B/op	       0 allocs/op
BenchmarkAll/impl=errutil.Find/c=wrapper_that_contains_match-10          	   10000	         9.121 ns/op	       0 B/op	       0 allocs/op
BenchmarkAll/impl=errutil.Find/c=wrapper_that_contains_match-10          	   10000	         9.062 ns/op	       0 B/op	       0 allocs/op
BenchmarkAll/impl=errutil.Find/c=wrapper_that_contains_match-10          	   10000	         8.983 ns/op	       0 B/op	       0 allocs/op
BenchmarkAll/impl=errutil.Find/c=wrapper_that_contains_match-10          	   10000	         9.121 ns/op	       0 B/op	       0 allocs/op
BenchmarkAll/impl=errutil.Find/c=wrapper_that_contains_match-10          	   10000	        10.03 ns/op	       0 B/op	       0 allocs/op
BenchmarkAll/impl=errutil.Find/c=wrapper_that_contains_match-10          	   10000	         9.067 ns/op	       0 B/op	       0 allocs/op
BenchmarkAll/impl=errutil.Find/c=wrapper_that_contains_match-10          	   10000	         8.879 ns/op	       0 B/op	       0 allocs/op
BenchmarkAll/impl=errutil.Find/c=wrapper_that_contains_match-10          	   10000	         8.817 ns/op	       0 B/op	       0 allocs/op
BenchmarkAll/impl=errutil.Find/c=wrapper_that_contains_match-10          	   10000	         9.083 ns/op	       0 B/op	       0 allocs/op
BenchmarkAll/impl=errors.As/c=deeply_nested_wrapper_that_contains_match-10         	   10000	       110.1 ns/op	      16 B/op	       1 allocs/op
BenchmarkAll/impl=errors.As/c=deeply_nested_wrapper_that_contains_match-10         	   10000	       108.6 ns/op	      16 B/op	       1 allocs/op
BenchmarkAll/impl=errors.As/c=deeply_nested_wrapper_that_contains_match-10         	   10000	       108.1 ns/op	      16 B/op	       1 allocs/op
BenchmarkAll/impl=errors.As/c=deeply_nested_wrapper_that_contains_match-10         	   10000	       111.2 ns/op	      16 B/op	       1 allocs/op
BenchmarkAll/impl=errors.As/c=deeply_nested_wrapper_that_contains_match-10         	   10000	       109.5 ns/op	      16 B/op	       1 allocs/op
BenchmarkAll/impl=errors.As/c=deeply_nested_wrapper_that_contains_match-10         	   10000	       111.2 ns/op	      16 B/op	       1 allocs/op
BenchmarkAll/impl=errors.As/c=deeply_nested_wrapper_that_contains_match-10         	   10000	       111.1 ns/op	      16 B/op	       1 allocs/op
BenchmarkAll/impl=errors.As/c=deeply_nested_wrapper_that_contains_match-10         	   10000	       109.8 ns/op	      16 B/op	       1 allocs/op
BenchmarkAll/impl=errors.As/c=deeply_nested_wrapper_that_contains_match-10         	   10000	       107.7 ns/op	      16 B/op	       1 allocs/op
BenchmarkAll/impl=errors.As/c=deeply_nested_wrapper_that_contains_match-10         	   10000	       107.4 ns/op	      16 B/op	       1 allocs/op
BenchmarkAll/impl=errutil.As/c=deeply_nested_wrapper_that_contains_match-10        	   10000	        37.17 ns/op	      16 B/op	       1 allocs/op
BenchmarkAll/impl=errutil.As/c=deeply_nested_wrapper_that_contains_match-10        	   10000	        39.31 ns/op	      16 B/op	       1 allocs/op
BenchmarkAll/impl=errutil.As/c=deeply_nested_wrapper_that_contains_match-10        	   10000	        42.08 ns/op	      16 B/op	       1 allocs/op
BenchmarkAll/impl=errutil.As/c=deeply_nested_wrapper_that_contains_match-10        	   10000	        38.33 ns/op	      16 B/op	       1 allocs/op
BenchmarkAll/impl=errutil.As/c=deeply_nested_wrapper_that_contains_match-10        	   10000	        38.79 ns/op	      16 B/op	       1 allocs/op
BenchmarkAll/impl=errutil.As/c=deeply_nested_wrapper_that_contains_match-10        	   10000	        37.83 ns/op	      16 B/op	       1 allocs/op
BenchmarkAll/impl=errutil.As/c=deeply_nested_wrapper_that_contains_match-10        	   10000	        37.62 ns/op	      16 B/op	       1 allocs/op
BenchmarkAll/impl=errutil.As/c=deeply_nested_wrapper_that_contains_match-10        	   10000	        38.49 ns/op	      16 B/op	       1 allocs/op
BenchmarkAll/impl=errutil.As/c=deeply_nested_wrapper_that_contains_match-10        	   10000	        39.58 ns/op	      16 B/op	       1 allocs/op
BenchmarkAll/impl=errutil.As/c=deeply_nested_wrapper_that_contains_match-10        	   10000	        38.33 ns/op	      16 B/op	       1 allocs/op
BenchmarkAll/impl=errutil.Find/c=deeply_nested_wrapper_that_contains_match-10      	   10000	        19.20 ns/op	       0 B/op	       0 allocs/op
BenchmarkAll/impl=errutil.Find/c=deeply_nested_wrapper_that_contains_match-10      	   10000	        19.20 ns/op	       0 B/op	       0 allocs/op
BenchmarkAll/impl=errutil.Find/c=deeply_nested_wrapper_that_contains_match-10      	   10000	        19.20 ns/op	       0 B/op	       0 allocs/op
BenchmarkAll/impl=errutil.Find/c=deeply_nested_wrapper_that_contains_match-10      	   10000	        19.21 ns/op	       0 B/op	       0 allocs/op
BenchmarkAll/impl=errutil.Find/c=deeply_nested_wrapper_that_contains_match-10      	   10000	        19.21 ns/op	       0 B/op	       0 allocs/op
BenchmarkAll/impl=errutil.Find/c=deeply_nested_wrapper_that_contains_match-10      	   10000	        20.16 ns/op	       0 B/op	       0 allocs/op
BenchmarkAll/impl=errutil.Find/c=deeply_nested_wrapper_that_contains_match-10      	   10000	        19.19 ns/op	       0 B/op	       0 allocs/op
BenchmarkAll/impl=errutil.Find/c=deeply_nested_wrapper_that_contains_match-10      	   10000	        20.14 ns/op	       0 B/op	       0 allocs/op
BenchmarkAll/impl=errutil.Find/c=deeply_nested_wrapper_that_contains_match-10      	   10000	        19.18 ns/op	       0 B/op	       0 allocs/op
BenchmarkAll/impl=errutil.Find/c=deeply_nested_wrapper_that_contains_match-10      	   10000	        19.20 ns/op	       0 B/op	       0 allocs/op
BenchmarkAll/impl=errors.As/c=wrapper_that_contains_aser-10                        	   10000	        81.51 ns/op	      16 B/op	       1 allocs/op
BenchmarkAll/impl=errors.As/c=wrapper_that_contains_aser-10                        	   10000	        80.53 ns/op	      16 B/op	       1 allocs/op
BenchmarkAll/impl=errors.As/c=wrapper_that_contains_aser-10                        	   10000	        81.63 ns/op	      16 B/op	       1 allocs/op
BenchmarkAll/impl=errors.As/c=wrapper_that_contains_aser-10                        	   10000	        75.94 ns/op	      16 B/op	       1 allocs/op
BenchmarkAll/impl=errors.As/c=wrapper_that_contains_aser-10                        	   10000	        80.24 ns/op	      16 B/op	       1 allocs/op
BenchmarkAll/impl=errors.As/c=wrapper_that_contains_aser-10                        	   10000	        79.67 ns/op	      16 B/op	       1 allocs/op
BenchmarkAll/impl=errors.As/c=wrapper_that_contains_aser-10                        	   10000	        80.46 ns/op	      16 B/op	       1 allocs/op
BenchmarkAll/impl=errors.As/c=wrapper_that_contains_aser-10                        	   10000	        80.55 ns/op	      16 B/op	       1 allocs/op
BenchmarkAll/impl=errors.As/c=wrapper_that_contains_aser-10                        	   10000	        81.54 ns/op	      16 B/op	       1 allocs/op
BenchmarkAll/impl=errors.As/c=wrapper_that_contains_aser-10                        	   10000	        76.77 ns/op	      16 B/op	       1 allocs/op
BenchmarkAll/impl=errutil.As/c=wrapper_that_contains_aser-10                       	   10000	        50.60 ns/op	      32 B/op	       2 allocs/op
BenchmarkAll/impl=errutil.As/c=wrapper_that_contains_aser-10                       	   10000	        49.10 ns/op	      32 B/op	       2 allocs/op
BenchmarkAll/impl=errutil.As/c=wrapper_that_contains_aser-10                       	   10000	        50.89 ns/op	      32 B/op	       2 allocs/op
BenchmarkAll/impl=errutil.As/c=wrapper_that_contains_aser-10                       	   10000	        47.04 ns/op	      32 B/op	       2 allocs/op
BenchmarkAll/impl=errutil.As/c=wrapper_that_contains_aser-10                       	   10000	        49.54 ns/op	      32 B/op	       2 allocs/op
BenchmarkAll/impl=errutil.As/c=wrapper_that_contains_aser-10                       	   10000	        49.26 ns/op	      32 B/op	       2 allocs/op
BenchmarkAll/impl=errutil.As/c=wrapper_that_contains_aser-10                       	   10000	        50.25 ns/op	      32 B/op	       2 allocs/op
BenchmarkAll/impl=errutil.As/c=wrapper_that_contains_aser-10                       	   10000	        50.95 ns/op	      32 B/op	       2 allocs/op
BenchmarkAll/impl=errutil.As/c=wrapper_that_contains_aser-10                       	   10000	        47.79 ns/op	      32 B/op	       2 allocs/op
BenchmarkAll/impl=errutil.As/c=wrapper_that_contains_aser-10                       	   10000	        49.15 ns/op	      32 B/op	       2 allocs/op
BenchmarkAll/impl=errutil.Find/c=wrapper_that_contains_aser-10                     	   10000	        31.41 ns/op	      16 B/op	       1 allocs/op
BenchmarkAll/impl=errutil.Find/c=wrapper_that_contains_aser-10                     	   10000	        30.59 ns/op	      16 B/op	       1 allocs/op
BenchmarkAll/impl=errutil.Find/c=wrapper_that_contains_aser-10                     	   10000	        30.34 ns/op	      16 B/op	       1 allocs/op
BenchmarkAll/impl=errutil.Find/c=wrapper_that_contains_aser-10                     	   10000	        31.40 ns/op	      16 B/op	       1 allocs/op
BenchmarkAll/impl=errutil.Find/c=wrapper_that_contains_aser-10                     	   10000	        31.15 ns/op	      16 B/op	       1 allocs/op
BenchmarkAll/impl=errutil.Find/c=wrapper_that_contains_aser-10                     	   10000	        30.37 ns/op	      16 B/op	       1 allocs/op
BenchmarkAll/impl=errutil.Find/c=wrapper_that_contains_aser-10                     	   10000	        31.98 ns/op	      16 B/op	       1 allocs/op
BenchmarkAll/impl=errutil.Find/c=wrapper_that_contains_aser-10                     	   10000	        30.35 ns/op	      16 B/op	       1 allocs/op
BenchmarkAll/impl=errutil.Find/c=wrapper_that_contains_aser-10                     	   10000	        30.30 ns/op	      16 B/op	       1 allocs/op
BenchmarkAll/impl=errutil.Find/c=wrapper_that_contains_aser-10                     	   10000	        30.79 ns/op	      16 B/op	       1 allocs/op
BenchmarkAll/impl=errors.As/c=empty_joiner-10                                      	   10000	        78.56 ns/op	      16 B/op	       1 allocs/op
BenchmarkAll/impl=errors.As/c=empty_joiner-10                                      	   10000	        74.72 ns/op	      16 B/op	       1 allocs/op
BenchmarkAll/impl=errors.As/c=empty_joiner-10                                      	   10000	        67.97 ns/op	      16 B/op	       1 allocs/op
BenchmarkAll/impl=errors.As/c=empty_joiner-10                                      	   10000	        68.83 ns/op	      16 B/op	       1 allocs/op
BenchmarkAll/impl=errors.As/c=empty_joiner-10                                      	   10000	        68.55 ns/op	      16 B/op	       1 allocs/op
BenchmarkAll/impl=errors.As/c=empty_joiner-10                                      	   10000	        71.92 ns/op	      16 B/op	       1 allocs/op
BenchmarkAll/impl=errors.As/c=empty_joiner-10                                      	   10000	        67.33 ns/op	      16 B/op	       1 allocs/op
BenchmarkAll/impl=errors.As/c=empty_joiner-10                                      	   10000	        71.95 ns/op	      16 B/op	       1 allocs/op
BenchmarkAll/impl=errors.As/c=empty_joiner-10                                      	   10000	        71.99 ns/op	      16 B/op	       1 allocs/op
BenchmarkAll/impl=errors.As/c=empty_joiner-10                                      	   10000	        72.30 ns/op	      16 B/op	       1 allocs/op
BenchmarkAll/impl=errutil.As/c=empty_joiner-10                                     	   10000	        37.76 ns/op	      16 B/op	       1 allocs/op
BenchmarkAll/impl=errutil.As/c=empty_joiner-10                                     	   10000	        27.66 ns/op	      16 B/op	       1 allocs/op
BenchmarkAll/impl=errutil.As/c=empty_joiner-10                                     	   10000	        26.89 ns/op	      16 B/op	       1 allocs/op
BenchmarkAll/impl=errutil.As/c=empty_joiner-10                                     	   10000	        26.95 ns/op	      16 B/op	       1 allocs/op
BenchmarkAll/impl=errutil.As/c=empty_joiner-10                                     	   10000	        27.51 ns/op	      16 B/op	       1 allocs/op
BenchmarkAll/impl=errutil.As/c=empty_joiner-10                                     	   10000	        26.56 ns/op	      16 B/op	       1 allocs/op
BenchmarkAll/impl=errutil.As/c=empty_joiner-10                                     	   10000	        26.61 ns/op	      16 B/op	       1 allocs/op
BenchmarkAll/impl=errutil.As/c=empty_joiner-10                                     	   10000	        27.91 ns/op	      16 B/op	       1 allocs/op
BenchmarkAll/impl=errutil.As/c=empty_joiner-10                                     	   10000	        26.53 ns/op	      16 B/op	       1 allocs/op
BenchmarkAll/impl=errutil.As/c=empty_joiner-10                                     	   10000	        26.72 ns/op	      16 B/op	       1 allocs/op
BenchmarkAll/impl=errutil.Find/c=empty_joiner-10                                   	   10000	         8.667 ns/op	       0 B/op	       0 allocs/op
BenchmarkAll/impl=errutil.Find/c=empty_joiner-10                                   	   10000	        10.11 ns/op	       0 B/op	       0 allocs/op
BenchmarkAll/impl=errutil.Find/c=empty_joiner-10                                   	   10000	         8.667 ns/op	       0 B/op	       0 allocs/op
BenchmarkAll/impl=errutil.Find/c=empty_joiner-10                                   	   10000	         8.692 ns/op	       0 B/op	       0 allocs/op
BenchmarkAll/impl=errutil.Find/c=empty_joiner-10                                   	   10000	         8.646 ns/op	       0 B/op	       0 allocs/op
BenchmarkAll/impl=errutil.Find/c=empty_joiner-10                                   	   10000	         8.704 ns/op	       0 B/op	       0 allocs/op
BenchmarkAll/impl=errutil.Find/c=empty_joiner-10                                   	   10000	         8.704 ns/op	       0 B/op	       0 allocs/op
BenchmarkAll/impl=errutil.Find/c=empty_joiner-10                                   	   10000	        10.14 ns/op	       0 B/op	       0 allocs/op
BenchmarkAll/impl=errutil.Find/c=empty_joiner-10                                   	   10000	         8.654 ns/op	       0 B/op	       0 allocs/op
BenchmarkAll/impl=errutil.Find/c=empty_joiner-10                                   	   10000	         8.704 ns/op	       0 B/op	       0 allocs/op
BenchmarkAll/impl=errors.As/c=joiner_that_contains_nil-10                          	   10000	        70.92 ns/op	      16 B/op	       1 allocs/op
BenchmarkAll/impl=errors.As/c=joiner_that_contains_nil-10                          	   10000	        73.26 ns/op	      16 B/op	       1 allocs/op
BenchmarkAll/impl=errors.As/c=joiner_that_contains_nil-10                          	   10000	        71.11 ns/op	      16 B/op	       1 allocs/op
BenchmarkAll/impl=errors.As/c=joiner_that_contains_nil-10                          	   10000	        70.59 ns/op	      16 B/op	       1 allocs/op
BenchmarkAll/impl=errors.As/c=joiner_that_contains_nil-10                          	   10000	        71.13 ns/op	      16 B/op	       1 allocs/op
BenchmarkAll/impl=errors.As/c=joiner_that_contains_nil-10                          	   10000	        75.88 ns/op	      16 B/op	       1 allocs/op
BenchmarkAll/impl=errors.As/c=joiner_that_contains_nil-10                          	   10000	        69.14 ns/op	      16 B/op	       1 allocs/op
BenchmarkAll/impl=errors.As/c=joiner_that_contains_nil-10                          	   10000	        70.37 ns/op	      16 B/op	       1 allocs/op
BenchmarkAll/impl=errors.As/c=joiner_that_contains_nil-10                          	   10000	        71.22 ns/op	      16 B/op	       1 allocs/op
BenchmarkAll/impl=errors.As/c=joiner_that_contains_nil-10                          	   10000	        68.46 ns/op	      16 B/op	       1 allocs/op
BenchmarkAll/impl=errutil.As/c=joiner_that_contains_nil-10                         	   10000	        28.43 ns/op	      16 B/op	       1 allocs/op
BenchmarkAll/impl=errutil.As/c=joiner_that_contains_nil-10                         	   10000	        27.64 ns/op	      16 B/op	       1 allocs/op
BenchmarkAll/impl=errutil.As/c=joiner_that_contains_nil-10                         	   10000	        28.04 ns/op	      16 B/op	       1 allocs/op
BenchmarkAll/impl=errutil.As/c=joiner_that_contains_nil-10                         	   10000	        27.47 ns/op	      16 B/op	       1 allocs/op
BenchmarkAll/impl=errutil.As/c=joiner_that_contains_nil-10                         	   10000	        27.99 ns/op	      16 B/op	       1 allocs/op
BenchmarkAll/impl=errutil.As/c=joiner_that_contains_nil-10                         	   10000	        27.84 ns/op	      16 B/op	       1 allocs/op
BenchmarkAll/impl=errutil.As/c=joiner_that_contains_nil-10                         	   10000	        27.49 ns/op	      16 B/op	       1 allocs/op
BenchmarkAll/impl=errutil.As/c=joiner_that_contains_nil-10                         	   10000	        28.11 ns/op	      16 B/op	       1 allocs/op
BenchmarkAll/impl=errutil.As/c=joiner_that_contains_nil-10                         	   10000	        27.69 ns/op	      16 B/op	       1 allocs/op
BenchmarkAll/impl=errutil.As/c=joiner_that_contains_nil-10                         	   10000	        27.74 ns/op	      16 B/op	       1 allocs/op
BenchmarkAll/impl=errutil.Find/c=joiner_that_contains_nil-10                       	   10000	         9.183 ns/op	       0 B/op	       0 allocs/op
BenchmarkAll/impl=errutil.Find/c=joiner_that_contains_nil-10                       	   10000	         9.179 ns/op	       0 B/op	       0 allocs/op
BenchmarkAll/impl=errutil.Find/c=joiner_that_contains_nil-10                       	   10000	         9.142 ns/op	       0 B/op	       0 allocs/op
BenchmarkAll/impl=errutil.Find/c=joiner_that_contains_nil-10                       	   10000	         9.142 ns/op	       0 B/op	       0 allocs/op
BenchmarkAll/impl=errutil.Find/c=joiner_that_contains_nil-10                       	   10000	         9.150 ns/op	       0 B/op	       0 allocs/op
BenchmarkAll/impl=errutil.Find/c=joiner_that_contains_nil-10                       	   10000	         9.146 ns/op	       0 B/op	       0 allocs/op
BenchmarkAll/impl=errutil.Find/c=joiner_that_contains_nil-10                       	   10000	         9.142 ns/op	       0 B/op	       0 allocs/op
BenchmarkAll/impl=errutil.Find/c=joiner_that_contains_nil-10                       	   10000	         9.150 ns/op	       0 B/op	       0 allocs/op
BenchmarkAll/impl=errutil.Find/c=joiner_that_contains_nil-10                       	   10000	         9.142 ns/op	       0 B/op	       0 allocs/op
BenchmarkAll/impl=errutil.Find/c=joiner_that_contains_nil-10                       	   10000	         9.142 ns/op	       0 B/op	       0 allocs/op
BenchmarkAll/impl=errors.As/c=joiner_that_contains_nil_and_match-10                	   10000	        92.56 ns/op	      16 B/op	       1 allocs/op
BenchmarkAll/impl=errors.As/c=joiner_that_contains_nil_and_match-10                	   10000	        90.53 ns/op	      16 B/op	       1 allocs/op
BenchmarkAll/impl=errors.As/c=joiner_that_contains_nil_and_match-10                	   10000	        96.09 ns/op	      16 B/op	       1 allocs/op
BenchmarkAll/impl=errors.As/c=joiner_that_contains_nil_and_match-10                	   10000	        95.27 ns/op	      16 B/op	       1 allocs/op
BenchmarkAll/impl=errors.As/c=joiner_that_contains_nil_and_match-10                	   10000	        90.04 ns/op	      16 B/op	       1 allocs/op
BenchmarkAll/impl=errors.As/c=joiner_that_contains_nil_and_match-10                	   10000	        91.31 ns/op	      16 B/op	       1 allocs/op
BenchmarkAll/impl=errors.As/c=joiner_that_contains_nil_and_match-10                	   10000	        91.25 ns/op	      16 B/op	       1 allocs/op
BenchmarkAll/impl=errors.As/c=joiner_that_contains_nil_and_match-10                	   10000	        94.68 ns/op	      16 B/op	       1 allocs/op
BenchmarkAll/impl=errors.As/c=joiner_that_contains_nil_and_match-10                	   10000	        92.53 ns/op	      16 B/op	       1 allocs/op
BenchmarkAll/impl=errors.As/c=joiner_that_contains_nil_and_match-10                	   10000	        91.60 ns/op	      16 B/op	       1 allocs/op
BenchmarkAll/impl=errutil.As/c=joiner_that_contains_nil_and_match-10               	   10000	        28.20 ns/op	      16 B/op	       1 allocs/op
BenchmarkAll/impl=errutil.As/c=joiner_that_contains_nil_and_match-10               	   10000	        28.27 ns/op	      16 B/op	       1 allocs/op
BenchmarkAll/impl=errutil.As/c=joiner_that_contains_nil_and_match-10               	   10000	        29.59 ns/op	      16 B/op	       1 allocs/op
BenchmarkAll/impl=errutil.As/c=joiner_that_contains_nil_and_match-10               	   10000	        29.34 ns/op	      16 B/op	       1 allocs/op
BenchmarkAll/impl=errutil.As/c=joiner_that_contains_nil_and_match-10               	   10000	        31.23 ns/op	      16 B/op	       1 allocs/op
BenchmarkAll/impl=errutil.As/c=joiner_that_contains_nil_and_match-10               	   10000	        29.27 ns/op	      16 B/op	       1 allocs/op
BenchmarkAll/impl=errutil.As/c=joiner_that_contains_nil_and_match-10               	   10000	        30.03 ns/op	      16 B/op	       1 allocs/op
BenchmarkAll/impl=errutil.As/c=joiner_that_contains_nil_and_match-10               	   10000	        29.25 ns/op	      16 B/op	       1 allocs/op
BenchmarkAll/impl=errutil.As/c=joiner_that_contains_nil_and_match-10               	   10000	        28.76 ns/op	      16 B/op	       1 allocs/op
BenchmarkAll/impl=errutil.As/c=joiner_that_contains_nil_and_match-10               	   10000	        29.16 ns/op	      16 B/op	       1 allocs/op
BenchmarkAll/impl=errutil.Find/c=joiner_that_contains_nil_and_match-10             	   10000	        11.32 ns/op	       0 B/op	       0 allocs/op
BenchmarkAll/impl=errutil.Find/c=joiner_that_contains_nil_and_match-10             	   10000	        11.36 ns/op	       0 B/op	       0 allocs/op
BenchmarkAll/impl=errutil.Find/c=joiner_that_contains_nil_and_match-10             	   10000	        11.34 ns/op	       0 B/op	       0 allocs/op
BenchmarkAll/impl=errutil.Find/c=joiner_that_contains_nil_and_match-10             	   10000	        11.19 ns/op	       0 B/op	       0 allocs/op
BenchmarkAll/impl=errutil.Find/c=joiner_that_contains_nil_and_match-10             	   10000	        11.39 ns/op	       0 B/op	       0 allocs/op
BenchmarkAll/impl=errutil.Find/c=joiner_that_contains_nil_and_match-10             	   10000	        11.32 ns/op	       0 B/op	       0 allocs/op
BenchmarkAll/impl=errutil.Find/c=joiner_that_contains_nil_and_match-10             	   10000	        11.24 ns/op	       0 B/op	       0 allocs/op
BenchmarkAll/impl=errutil.Find/c=joiner_that_contains_nil_and_match-10             	   10000	        11.14 ns/op	       0 B/op	       0 allocs/op
BenchmarkAll/impl=errutil.Find/c=joiner_that_contains_nil_and_match-10             	   10000	        11.47 ns/op	       0 B/op	       0 allocs/op
BenchmarkAll/impl=errutil.Find/c=joiner_that_contains_nil_and_match-10             	   10000	        11.36 ns/op	       0 B/op	       0 allocs/op
BenchmarkAll/impl=errors.As/c=joiner_that_contains_non-nil_and_match-10            	   10000	       106.9 ns/op	      16 B/op	       1 allocs/op
BenchmarkAll/impl=errors.As/c=joiner_that_contains_non-nil_and_match-10            	   10000	       105.2 ns/op	      16 B/op	       1 allocs/op
BenchmarkAll/impl=errors.As/c=joiner_that_contains_non-nil_and_match-10            	   10000	       108.8 ns/op	      16 B/op	       1 allocs/op
BenchmarkAll/impl=errors.As/c=joiner_that_contains_non-nil_and_match-10            	   10000	       109.6 ns/op	      16 B/op	       1 allocs/op
BenchmarkAll/impl=errors.As/c=joiner_that_contains_non-nil_and_match-10            	   10000	       104.0 ns/op	      16 B/op	       1 allocs/op
BenchmarkAll/impl=errors.As/c=joiner_that_contains_non-nil_and_match-10            	   10000	       105.6 ns/op	      16 B/op	       1 allocs/op
BenchmarkAll/impl=errors.As/c=joiner_that_contains_non-nil_and_match-10            	   10000	       105.5 ns/op	      16 B/op	       1 allocs/op
BenchmarkAll/impl=errors.As/c=joiner_that_contains_non-nil_and_match-10            	   10000	       108.6 ns/op	      16 B/op	       1 allocs/op
BenchmarkAll/impl=errors.As/c=joiner_that_contains_non-nil_and_match-10            	   10000	       109.3 ns/op	      16 B/op	       1 allocs/op
BenchmarkAll/impl=errors.As/c=joiner_that_contains_non-nil_and_match-10            	   10000	       104.4 ns/op	      16 B/op	       1 allocs/op
BenchmarkAll/impl=errutil.As/c=joiner_that_contains_non-nil_and_match-10           	   10000	        34.25 ns/op	      16 B/op	       1 allocs/op
BenchmarkAll/impl=errutil.As/c=joiner_that_contains_non-nil_and_match-10           	   10000	        34.39 ns/op	      16 B/op	       1 allocs/op
BenchmarkAll/impl=errutil.As/c=joiner_that_contains_non-nil_and_match-10           	   10000	        34.18 ns/op	      16 B/op	       1 allocs/op
BenchmarkAll/impl=errutil.As/c=joiner_that_contains_non-nil_and_match-10           	   10000	        34.14 ns/op	      16 B/op	       1 allocs/op
BenchmarkAll/impl=errutil.As/c=joiner_that_contains_non-nil_and_match-10           	   10000	        34.11 ns/op	      16 B/op	       1 allocs/op
BenchmarkAll/impl=errutil.As/c=joiner_that_contains_non-nil_and_match-10           	   10000	        34.00 ns/op	      16 B/op	       1 allocs/op
BenchmarkAll/impl=errutil.As/c=joiner_that_contains_non-nil_and_match-10           	   10000	        36.03 ns/op	      16 B/op	       1 allocs/op
BenchmarkAll/impl=errutil.As/c=joiner_that_contains_non-nil_and_match-10           	   10000	        36.75 ns/op	      16 B/op	       1 allocs/op
BenchmarkAll/impl=errutil.As/c=joiner_that_contains_non-nil_and_match-10           	   10000	        34.40 ns/op	      16 B/op	       1 allocs/op
BenchmarkAll/impl=errutil.As/c=joiner_that_contains_non-nil_and_match-10           	   10000	        34.73 ns/op	      16 B/op	       1 allocs/op
BenchmarkAll/impl=errutil.Find/c=joiner_that_contains_non-nil_and_match-10         	   10000	        15.87 ns/op	       0 B/op	       0 allocs/op
BenchmarkAll/impl=errutil.Find/c=joiner_that_contains_non-nil_and_match-10         	   10000	        18.43 ns/op	       0 B/op	       0 allocs/op
BenchmarkAll/impl=errutil.Find/c=joiner_that_contains_non-nil_and_match-10         	   10000	        17.50 ns/op	       0 B/op	       0 allocs/op
BenchmarkAll/impl=errutil.Find/c=joiner_that_contains_non-nil_and_match-10         	   10000	        17.86 ns/op	       0 B/op	       0 allocs/op
BenchmarkAll/impl=errutil.Find/c=joiner_that_contains_non-nil_and_match-10         	   10000	        18.57 ns/op	       0 B/op	       0 allocs/op
BenchmarkAll/impl=errutil.Find/c=joiner_that_contains_non-nil_and_match-10         	   10000	        19.11 ns/op	       0 B/op	       0 allocs/op
BenchmarkAll/impl=errutil.Find/c=joiner_that_contains_non-nil_and_match-10         	   10000	        17.89 ns/op	       0 B/op	       0 allocs/op
BenchmarkAll/impl=errutil.Find/c=joiner_that_contains_non-nil_and_match-10         	   10000	        15.88 ns/op	       0 B/op	       0 allocs/op
BenchmarkAll/impl=errutil.Find/c=joiner_that_contains_non-nil_and_match-10         	   10000	        17.30 ns/op	       0 B/op	       0 allocs/op
BenchmarkAll/impl=errutil.Find/c=joiner_that_contains_non-nil_and_match-10         	   10000	        17.97 ns/op	       0 B/op	       0 allocs/op
BenchmarkAll/impl=errors.As/c=joiner_that_contains_match_and_non-nil-10            	   10000	        91.94 ns/op	      16 B/op	       1 allocs/op
BenchmarkAll/impl=errors.As/c=joiner_that_contains_match_and_non-nil-10            	   10000	        93.70 ns/op	      16 B/op	       1 allocs/op
BenchmarkAll/impl=errors.As/c=joiner_that_contains_match_and_non-nil-10            	   10000	        90.99 ns/op	      16 B/op	       1 allocs/op
BenchmarkAll/impl=errors.As/c=joiner_that_contains_match_and_non-nil-10            	   10000	        91.87 ns/op	      16 B/op	       1 allocs/op
BenchmarkAll/impl=errors.As/c=joiner_that_contains_match_and_non-nil-10            	   10000	        93.19 ns/op	      16 B/op	       1 allocs/op
BenchmarkAll/impl=errors.As/c=joiner_that_contains_match_and_non-nil-10            	   10000	        91.83 ns/op	      16 B/op	       1 allocs/op
BenchmarkAll/impl=errors.As/c=joiner_that_contains_match_and_non-nil-10            	   10000	        92.90 ns/op	      16 B/op	       1 allocs/op
BenchmarkAll/impl=errors.As/c=joiner_that_contains_match_and_non-nil-10            	   10000	        90.19 ns/op	      16 B/op	       1 allocs/op
BenchmarkAll/impl=errors.As/c=joiner_that_contains_match_and_non-nil-10            	   10000	        92.85 ns/op	      16 B/op	       1 allocs/op
BenchmarkAll/impl=errors.As/c=joiner_that_contains_match_and_non-nil-10            	   10000	        90.99 ns/op	      16 B/op	       1 allocs/op
BenchmarkAll/impl=errutil.As/c=joiner_that_contains_match_and_non-nil-10           	   10000	        28.32 ns/op	      16 B/op	       1 allocs/op
BenchmarkAll/impl=errutil.As/c=joiner_that_contains_match_and_non-nil-10           	   10000	        29.24 ns/op	      16 B/op	       1 allocs/op
BenchmarkAll/impl=errutil.As/c=joiner_that_contains_match_and_non-nil-10           	   10000	        28.90 ns/op	      16 B/op	       1 allocs/op
BenchmarkAll/impl=errutil.As/c=joiner_that_contains_match_and_non-nil-10           	   10000	        32.02 ns/op	      16 B/op	       1 allocs/op
BenchmarkAll/impl=errutil.As/c=joiner_that_contains_match_and_non-nil-10           	   10000	        32.28 ns/op	      16 B/op	       1 allocs/op
BenchmarkAll/impl=errutil.As/c=joiner_that_contains_match_and_non-nil-10           	   10000	        29.48 ns/op	      16 B/op	       1 allocs/op
BenchmarkAll/impl=errutil.As/c=joiner_that_contains_match_and_non-nil-10           	   10000	        28.42 ns/op	      16 B/op	       1 allocs/op
BenchmarkAll/impl=errutil.As/c=joiner_that_contains_match_and_non-nil-10           	   10000	        28.97 ns/op	      16 B/op	       1 allocs/op
BenchmarkAll/impl=errutil.As/c=joiner_that_contains_match_and_non-nil-10           	   10000	        30.04 ns/op	      16 B/op	       1 allocs/op
BenchmarkAll/impl=errutil.As/c=joiner_that_contains_match_and_non-nil-10           	   10000	        30.07 ns/op	      16 B/op	       1 allocs/op
BenchmarkAll/impl=errutil.Find/c=joiner_that_contains_match_and_non-nil-10         	   10000	        11.25 ns/op	       0 B/op	       0 allocs/op
BenchmarkAll/impl=errutil.Find/c=joiner_that_contains_match_and_non-nil-10         	   10000	        11.16 ns/op	       0 B/op	       0 allocs/op
BenchmarkAll/impl=errutil.Find/c=joiner_that_contains_match_and_non-nil-10         	   10000	        11.27 ns/op	       0 B/op	       0 allocs/op
BenchmarkAll/impl=errutil.Find/c=joiner_that_contains_match_and_non-nil-10         	   10000	        11.22 ns/op	       0 B/op	       0 allocs/op
BenchmarkAll/impl=errutil.Find/c=joiner_that_contains_match_and_non-nil-10         	   10000	        12.03 ns/op	       0 B/op	       0 allocs/op
BenchmarkAll/impl=errutil.Find/c=joiner_that_contains_match_and_non-nil-10         	   10000	        12.03 ns/op	       0 B/op	       0 allocs/op
BenchmarkAll/impl=errutil.Find/c=joiner_that_contains_match_and_non-nil-10         	   10000	        10.71 ns/op	       0 B/op	       0 allocs/op
BenchmarkAll/impl=errutil.Find/c=joiner_that_contains_match_and_non-nil-10         	   10000	        11.18 ns/op	       0 B/op	       0 allocs/op
BenchmarkAll/impl=errutil.Find/c=joiner_that_contains_match_and_non-nil-10         	   10000	        12.03 ns/op	       0 B/op	       0 allocs/op
BenchmarkAll/impl=errutil.Find/c=joiner_that_contains_match_and_non-nil-10         	   10000	        11.33 ns/op	       0 B/op	       0 allocs/op
BenchmarkAll/impl=errors.As/c=joiner_that_contains_two_matches-10                  	   10000	        97.40 ns/op	      16 B/op	       1 allocs/op
BenchmarkAll/impl=errors.As/c=joiner_that_contains_two_matches-10                  	   10000	        91.47 ns/op	      16 B/op	       1 allocs/op
BenchmarkAll/impl=errors.As/c=joiner_that_contains_two_matches-10                  	   10000	        91.91 ns/op	      16 B/op	       1 allocs/op
BenchmarkAll/impl=errors.As/c=joiner_that_contains_two_matches-10                  	   10000	        90.71 ns/op	      16 B/op	       1 allocs/op
BenchmarkAll/impl=errors.As/c=joiner_that_contains_two_matches-10                  	   10000	        96.05 ns/op	      16 B/op	       1 allocs/op
BenchmarkAll/impl=errors.As/c=joiner_that_contains_two_matches-10                  	   10000	        93.33 ns/op	      16 B/op	       1 allocs/op
BenchmarkAll/impl=errors.As/c=joiner_that_contains_two_matches-10                  	   10000	        92.13 ns/op	      16 B/op	       1 allocs/op
BenchmarkAll/impl=errors.As/c=joiner_that_contains_two_matches-10                  	   10000	        90.97 ns/op	      16 B/op	       1 allocs/op
BenchmarkAll/impl=errors.As/c=joiner_that_contains_two_matches-10                  	   10000	        90.83 ns/op	      16 B/op	       1 allocs/op
BenchmarkAll/impl=errors.As/c=joiner_that_contains_two_matches-10                  	   10000	        90.15 ns/op	      16 B/op	       1 allocs/op
BenchmarkAll/impl=errutil.As/c=joiner_that_contains_two_matches-10                 	   10000	        30.82 ns/op	      16 B/op	       1 allocs/op
BenchmarkAll/impl=errutil.As/c=joiner_that_contains_two_matches-10                 	   10000	        28.45 ns/op	      16 B/op	       1 allocs/op
BenchmarkAll/impl=errutil.As/c=joiner_that_contains_two_matches-10                 	   10000	        29.31 ns/op	      16 B/op	       1 allocs/op
BenchmarkAll/impl=errutil.As/c=joiner_that_contains_two_matches-10                 	   10000	        30.31 ns/op	      16 B/op	       1 allocs/op
BenchmarkAll/impl=errutil.As/c=joiner_that_contains_two_matches-10                 	   10000	        29.98 ns/op	      16 B/op	       1 allocs/op
BenchmarkAll/impl=errutil.As/c=joiner_that_contains_two_matches-10                 	   10000	        28.44 ns/op	      16 B/op	       1 allocs/op
BenchmarkAll/impl=errutil.As/c=joiner_that_contains_two_matches-10                 	   10000	        28.70 ns/op	      16 B/op	       1 allocs/op
BenchmarkAll/impl=errutil.As/c=joiner_that_contains_two_matches-10                 	   10000	        28.37 ns/op	      16 B/op	       1 allocs/op
BenchmarkAll/impl=errutil.As/c=joiner_that_contains_two_matches-10                 	   10000	        28.58 ns/op	      16 B/op	       1 allocs/op
BenchmarkAll/impl=errutil.As/c=joiner_that_contains_two_matches-10                 	   10000	        29.68 ns/op	      16 B/op	       1 allocs/op
BenchmarkAll/impl=errutil.Find/c=joiner_that_contains_two_matches-10               	   10000	        12.02 ns/op	       0 B/op	       0 allocs/op
BenchmarkAll/impl=errutil.Find/c=joiner_that_contains_two_matches-10               	   10000	        12.18 ns/op	       0 B/op	       0 allocs/op
BenchmarkAll/impl=errutil.Find/c=joiner_that_contains_two_matches-10               	   10000	        11.39 ns/op	       0 B/op	       0 allocs/op
BenchmarkAll/impl=errutil.Find/c=joiner_that_contains_two_matches-10               	   10000	        11.35 ns/op	       0 B/op	       0 allocs/op
BenchmarkAll/impl=errutil.Find/c=joiner_that_contains_two_matches-10               	   10000	        11.38 ns/op	       0 B/op	       0 allocs/op
BenchmarkAll/impl=errutil.Find/c=joiner_that_contains_two_matches-10               	   10000	        11.33 ns/op	       0 B/op	       0 allocs/op
BenchmarkAll/impl=errutil.Find/c=joiner_that_contains_two_matches-10               	   10000	        11.30 ns/op	       0 B/op	       0 allocs/op
BenchmarkAll/impl=errutil.Find/c=joiner_that_contains_two_matches-10               	   10000	        11.25 ns/op	       0 B/op	       0 allocs/op
BenchmarkAll/impl=errutil.Find/c=joiner_that_contains_two_matches-10               	   10000	        11.22 ns/op	       0 B/op	       0 allocs/op
BenchmarkAll/impl=errutil.Find/c=joiner_that_contains_two_matches-10               	   10000	        11.38 ns/op	       0 B/op	       0 allocs/op
BenchmarkAll/impl=errors.As/c=deeply_nested_joiner_that_contains_non-nil_and_three_matches-10         	   10000	        93.55 ns/op	      16 B/op	       1 allocs/op
BenchmarkAll/impl=errors.As/c=deeply_nested_joiner_that_contains_non-nil_and_three_matches-10         	   10000	        95.25 ns/op	      16 B/op	       1 allocs/op
BenchmarkAll/impl=errors.As/c=deeply_nested_joiner_that_contains_non-nil_and_three_matches-10         	   10000	        91.18 ns/op	      16 B/op	       1 allocs/op
BenchmarkAll/impl=errors.As/c=deeply_nested_joiner_that_contains_non-nil_and_three_matches-10         	   10000	        93.55 ns/op	      16 B/op	       1 allocs/op
BenchmarkAll/impl=errors.As/c=deeply_nested_joiner_that_contains_non-nil_and_three_matches-10         	   10000	        90.56 ns/op	      16 B/op	       1 allocs/op
BenchmarkAll/impl=errors.As/c=deeply_nested_joiner_that_contains_non-nil_and_three_matches-10         	   10000	        90.59 ns/op	      16 B/op	       1 allocs/op
BenchmarkAll/impl=errors.As/c=deeply_nested_joiner_that_contains_non-nil_and_three_matches-10         	   10000	        90.53 ns/op	      16 B/op	       1 allocs/op
BenchmarkAll/impl=errors.As/c=deeply_nested_joiner_that_contains_non-nil_and_three_matches-10         	   10000	        91.64 ns/op	      16 B/op	       1 allocs/op
BenchmarkAll/impl=errors.As/c=deeply_nested_joiner_that_contains_non-nil_and_three_matches-10         	   10000	        91.16 ns/op	      16 B/op	       1 allocs/op
BenchmarkAll/impl=errors.As/c=deeply_nested_joiner_that_contains_non-nil_and_three_matches-10         	   10000	        91.24 ns/op	      16 B/op	       1 allocs/op
BenchmarkAll/impl=errutil.As/c=deeply_nested_joiner_that_contains_non-nil_and_three_matches-10        	   10000	        28.25 ns/op	      16 B/op	       1 allocs/op
BenchmarkAll/impl=errutil.As/c=deeply_nested_joiner_that_contains_non-nil_and_three_matches-10        	   10000	        29.10 ns/op	      16 B/op	       1 allocs/op
BenchmarkAll/impl=errutil.As/c=deeply_nested_joiner_that_contains_non-nil_and_three_matches-10        	   10000	        28.37 ns/op	      16 B/op	       1 allocs/op
BenchmarkAll/impl=errutil.As/c=deeply_nested_joiner_that_contains_non-nil_and_three_matches-10        	   10000	        28.38 ns/op	      16 B/op	       1 allocs/op
BenchmarkAll/impl=errutil.As/c=deeply_nested_joiner_that_contains_non-nil_and_three_matches-10        	   10000	        29.26 ns/op	      16 B/op	       1 allocs/op
BenchmarkAll/impl=errutil.As/c=deeply_nested_joiner_that_contains_non-nil_and_three_matches-10        	   10000	        29.17 ns/op	      16 B/op	       1 allocs/op
BenchmarkAll/impl=errutil.As/c=deeply_nested_joiner_that_contains_non-nil_and_three_matches-10        	   10000	        29.37 ns/op	      16 B/op	       1 allocs/op
BenchmarkAll/impl=errutil.As/c=deeply_nested_joiner_that_contains_non-nil_and_three_matches-10        	   10000	        29.19 ns/op	      16 B/op	       1 allocs/op
BenchmarkAll/impl=errutil.As/c=deeply_nested_joiner_that_contains_non-nil_and_three_matches-10        	   10000	        30.94 ns/op	      16 B/op	       1 allocs/op
BenchmarkAll/impl=errutil.As/c=deeply_nested_joiner_that_contains_non-nil_and_three_matches-10        	   10000	        28.82 ns/op	      16 B/op	       1 allocs/op
BenchmarkAll/impl=errutil.Find/c=deeply_nested_joiner_that_contains_non-nil_and_three_matches-10      	   10000	        11.28 ns/op	       0 B/op	       0 allocs/op
BenchmarkAll/impl=errutil.Find/c=deeply_nested_joiner_that_contains_non-nil_and_three_matches-10      	   10000	        11.24 ns/op	       0 B/op	       0 allocs/op
BenchmarkAll/impl=errutil.Find/c=deeply_nested_joiner_that_contains_non-nil_and_three_matches-10      	   10000	        11.31 ns/op	       0 B/op	       0 allocs/op
BenchmarkAll/impl=errutil.Find/c=deeply_nested_joiner_that_contains_non-nil_and_three_matches-10      	   10000	        11.25 ns/op	       0 B/op	       0 allocs/op
BenchmarkAll/impl=errutil.Find/c=deeply_nested_joiner_that_contains_non-nil_and_three_matches-10      	   10000	        11.28 ns/op	       0 B/op	       0 allocs/op
BenchmarkAll/impl=errutil.Find/c=deeply_nested_joiner_that_contains_non-nil_and_three_matches-10      	   10000	        11.32 ns/op	       0 B/op	       0 allocs/op
BenchmarkAll/impl=errutil.Find/c=deeply_nested_joiner_that_contains_non-nil_and_three_matches-10      	   10000	        11.31 ns/op	       0 B/op	       0 allocs/op
BenchmarkAll/impl=errutil.Find/c=deeply_nested_joiner_that_contains_non-nil_and_three_matches-10      	   10000	        11.30 ns/op	       0 B/op	       0 allocs/op
BenchmarkAll/impl=errutil.Find/c=deeply_nested_joiner_that_contains_non-nil_and_three_matches-10      	   10000	        11.28 ns/op	       0 B/op	       0 allocs/op
BenchmarkAll/impl=errutil.Find/c=deeply_nested_joiner_that_contains_non-nil_and_three_matches-10      	   10000	        11.26 ns/op	       0 B/op	       0 allocs/op
BenchmarkAll/impl=errors.As/c=mix_of_wrappers_and_joiners-10                                          	   10000	       104.6 ns/op	      16 B/op	       1 allocs/op
BenchmarkAll/impl=errors.As/c=mix_of_wrappers_and_joiners-10                                          	   10000	       107.5 ns/op	      16 B/op	       1 allocs/op
BenchmarkAll/impl=errors.As/c=mix_of_wrappers_and_joiners-10                                          	   10000	       110.0 ns/op	      16 B/op	       1 allocs/op
BenchmarkAll/impl=errors.As/c=mix_of_wrappers_and_joiners-10                                          	   10000	       103.7 ns/op	      16 B/op	       1 allocs/op
BenchmarkAll/impl=errors.As/c=mix_of_wrappers_and_joiners-10                                          	   10000	       101.8 ns/op	      16 B/op	       1 allocs/op
BenchmarkAll/impl=errors.As/c=mix_of_wrappers_and_joiners-10                                          	   10000	       106.8 ns/op	      16 B/op	       1 allocs/op
BenchmarkAll/impl=errors.As/c=mix_of_wrappers_and_joiners-10                                          	   10000	       106.0 ns/op	      16 B/op	       1 allocs/op
BenchmarkAll/impl=errors.As/c=mix_of_wrappers_and_joiners-10                                          	   10000	       107.3 ns/op	      16 B/op	       1 allocs/op
BenchmarkAll/impl=errors.As/c=mix_of_wrappers_and_joiners-10                                          	   10000	       108.9 ns/op	      16 B/op	       1 allocs/op
BenchmarkAll/impl=errors.As/c=mix_of_wrappers_and_joiners-10                                          	   10000	       106.8 ns/op	      16 B/op	       1 allocs/op
BenchmarkAll/impl=errutil.As/c=mix_of_wrappers_and_joiners-10                                         	   10000	        33.70 ns/op	      16 B/op	       1 allocs/op
BenchmarkAll/impl=errutil.As/c=mix_of_wrappers_and_joiners-10                                         	   10000	        34.39 ns/op	      16 B/op	       1 allocs/op
BenchmarkAll/impl=errutil.As/c=mix_of_wrappers_and_joiners-10                                         	   10000	        32.86 ns/op	      16 B/op	       1 allocs/op
BenchmarkAll/impl=errutil.As/c=mix_of_wrappers_and_joiners-10                                         	   10000	        33.69 ns/op	      16 B/op	       1 allocs/op
BenchmarkAll/impl=errutil.As/c=mix_of_wrappers_and_joiners-10                                         	   10000	        33.49 ns/op	      16 B/op	       1 allocs/op
BenchmarkAll/impl=errutil.As/c=mix_of_wrappers_and_joiners-10                                         	   10000	        33.95 ns/op	      16 B/op	       1 allocs/op
BenchmarkAll/impl=errutil.As/c=mix_of_wrappers_and_joiners-10                                         	   10000	        34.30 ns/op	      16 B/op	       1 allocs/op
BenchmarkAll/impl=errutil.As/c=mix_of_wrappers_and_joiners-10                                         	   10000	        33.29 ns/op	      16 B/op	       1 allocs/op
BenchmarkAll/impl=errutil.As/c=mix_of_wrappers_and_joiners-10                                         	   10000	        32.81 ns/op	      16 B/op	       1 allocs/op
BenchmarkAll/impl=errutil.As/c=mix_of_wrappers_and_joiners-10                                         	   10000	        34.66 ns/op	      16 B/op	       1 allocs/op
BenchmarkAll/impl=errutil.Find/c=mix_of_wrappers_and_joiners-10                                       	   10000	        14.42 ns/op	       0 B/op	       0 allocs/op
BenchmarkAll/impl=errutil.Find/c=mix_of_wrappers_and_joiners-10                                       	   10000	        15.85 ns/op	       0 B/op	       0 allocs/op
BenchmarkAll/impl=errutil.Find/c=mix_of_wrappers_and_joiners-10                                       	   10000	        14.72 ns/op	       0 B/op	       0 allocs/op
BenchmarkAll/impl=errutil.Find/c=mix_of_wrappers_and_joiners-10                                       	   10000	        15.83 ns/op	       0 B/op	       0 allocs/op
BenchmarkAll/impl=errutil.Find/c=mix_of_wrappers_and_joiners-10                                       	   10000	        15.85 ns/op	       0 B/op	       0 allocs/op
BenchmarkAll/impl=errutil.Find/c=mix_of_wrappers_and_joiners-10                                       	   10000	        14.45 ns/op	       0 B/op	       0 allocs/op
BenchmarkAll/impl=errutil.Find/c=mix_of_wrappers_and_joiners-10                                       	   10000	        14.45 ns/op	       0 B/op	       0 allocs/op
BenchmarkAll/impl=errutil.Find/c=mix_of_wrappers_and_joiners-10                                       	   10000	        17.29 ns/op	       0 B/op	       0 allocs/op
BenchmarkAll/impl=errutil.Find/c=mix_of_wrappers_and_joiners-10                                       	   10000	        15.46 ns/op	       0 B/op	       0 allocs/op
BenchmarkAll/impl=errutil.Find/c=mix_of_wrappers_and_joiners-10                                       	   10000	        15.85 ns/op	       0 B/op	       0 allocs/op
BenchmarkAll/impl=errors.As/c=mix_of_wrappers_and_joiners_that_contains_asers-10                      	   10000	        95.14 ns/op	      16 B/op	       1 allocs/op
BenchmarkAll/impl=errors.As/c=mix_of_wrappers_and_joiners_that_contains_asers-10                      	   10000	        95.83 ns/op	      16 B/op	       1 allocs/op
BenchmarkAll/impl=errors.As/c=mix_of_wrappers_and_joiners_that_contains_asers-10                      	   10000	        92.63 ns/op	      16 B/op	       1 allocs/op
BenchmarkAll/impl=errors.As/c=mix_of_wrappers_and_joiners_that_contains_asers-10                      	   10000	        98.95 ns/op	      16 B/op	       1 allocs/op
BenchmarkAll/impl=errors.As/c=mix_of_wrappers_and_joiners_that_contains_asers-10                      	   10000	        94.34 ns/op	      16 B/op	       1 allocs/op
BenchmarkAll/impl=errors.As/c=mix_of_wrappers_and_joiners_that_contains_asers-10                      	   10000	        94.28 ns/op	      16 B/op	       1 allocs/op
BenchmarkAll/impl=errors.As/c=mix_of_wrappers_and_joiners_that_contains_asers-10                      	   10000	        96.73 ns/op	      16 B/op	       1 allocs/op
BenchmarkAll/impl=errors.As/c=mix_of_wrappers_and_joiners_that_contains_asers-10                      	   10000	        94.57 ns/op	      16 B/op	       1 allocs/op
BenchmarkAll/impl=errors.As/c=mix_of_wrappers_and_joiners_that_contains_asers-10                      	   10000	        96.93 ns/op	      16 B/op	       1 allocs/op
BenchmarkAll/impl=errors.As/c=mix_of_wrappers_and_joiners_that_contains_asers-10                      	   10000	        94.55 ns/op	      16 B/op	       1 allocs/op
BenchmarkAll/impl=errutil.As/c=mix_of_wrappers_and_joiners_that_contains_asers-10                     	   10000	        57.94 ns/op	      32 B/op	       2 allocs/op
BenchmarkAll/impl=errutil.As/c=mix_of_wrappers_and_joiners_that_contains_asers-10                     	   10000	        56.36 ns/op	      32 B/op	       2 allocs/op
BenchmarkAll/impl=errutil.As/c=mix_of_wrappers_and_joiners_that_contains_asers-10                     	   10000	        54.41 ns/op	      32 B/op	       2 allocs/op
BenchmarkAll/impl=errutil.As/c=mix_of_wrappers_and_joiners_that_contains_asers-10                     	   10000	        57.39 ns/op	      32 B/op	       2 allocs/op
BenchmarkAll/impl=errutil.As/c=mix_of_wrappers_and_joiners_that_contains_asers-10                     	   10000	        53.59 ns/op	      32 B/op	       2 allocs/op
BenchmarkAll/impl=errutil.As/c=mix_of_wrappers_and_joiners_that_contains_asers-10                     	   10000	        58.60 ns/op	      32 B/op	       2 allocs/op
BenchmarkAll/impl=errutil.As/c=mix_of_wrappers_and_joiners_that_contains_asers-10                     	   10000	        56.80 ns/op	      32 B/op	       2 allocs/op
BenchmarkAll/impl=errutil.As/c=mix_of_wrappers_and_joiners_that_contains_asers-10                     	   10000	        57.22 ns/op	      32 B/op	       2 allocs/op
BenchmarkAll/impl=errutil.As/c=mix_of_wrappers_and_joiners_that_contains_asers-10                     	   10000	        56.26 ns/op	      32 B/op	       2 allocs/op
BenchmarkAll/impl=errutil.As/c=mix_of_wrappers_and_joiners_that_contains_asers-10                     	   10000	        56.95 ns/op	      32 B/op	       2 allocs/op
BenchmarkAll/impl=errutil.Find/c=mix_of_wrappers_and_joiners_that_contains_asers-10                   	   10000	        38.32 ns/op	      16 B/op	       1 allocs/op
BenchmarkAll/impl=errutil.Find/c=mix_of_wrappers_and_joiners_that_contains_asers-10                   	   10000	        37.48 ns/op	      16 B/op	       1 allocs/op
BenchmarkAll/impl=errutil.Find/c=mix_of_wrappers_and_joiners_that_contains_asers-10                   	   10000	        36.03 ns/op	      16 B/op	       1 allocs/op
BenchmarkAll/impl=errutil.Find/c=mix_of_wrappers_and_joiners_that_contains_asers-10                   	   10000	        36.92 ns/op	      16 B/op	       1 allocs/op
BenchmarkAll/impl=errutil.Find/c=mix_of_wrappers_and_joiners_that_contains_asers-10                   	   10000	        35.98 ns/op	      16 B/op	       1 allocs/op
BenchmarkAll/impl=errutil.Find/c=mix_of_wrappers_and_joiners_that_contains_asers-10                   	   10000	        38.01 ns/op	      16 B/op	       1 allocs/op
BenchmarkAll/impl=errutil.Find/c=mix_of_wrappers_and_joiners_that_contains_asers-10                   	   10000	        37.80 ns/op	      16 B/op	       1 allocs/op
BenchmarkAll/impl=errutil.Find/c=mix_of_wrappers_and_joiners_that_contains_asers-10                   	   10000	        37.63 ns/op	      16 B/op	       1 allocs/op
BenchmarkAll/impl=errutil.Find/c=mix_of_wrappers_and_joiners_that_contains_asers-10                   	   10000	        38.46 ns/op	      16 B/op	       1 allocs/op
BenchmarkAll/impl=errutil.Find/c=mix_of_wrappers_and_joiners_that_contains_asers-10                   	   10000	        37.77 ns/op	      16 B/op	       1 allocs/op
BenchmarkAll/impl=errors.As/c=joiner_that_contains_many_false_asers-10                                	   10000	       302.9 ns/op	      16 B/op	       1 allocs/op
BenchmarkAll/impl=errors.As/c=joiner_that_contains_many_false_asers-10                                	   10000	       298.8 ns/op	      16 B/op	       1 allocs/op
BenchmarkAll/impl=errors.As/c=joiner_that_contains_many_false_asers-10                                	   10000	       300.2 ns/op	      16 B/op	       1 allocs/op
BenchmarkAll/impl=errors.As/c=joiner_that_contains_many_false_asers-10                                	   10000	       297.5 ns/op	      16 B/op	       1 allocs/op
BenchmarkAll/impl=errors.As/c=joiner_that_contains_many_false_asers-10                                	   10000	       300.9 ns/op	      16 B/op	       1 allocs/op
BenchmarkAll/impl=errors.As/c=joiner_that_contains_many_false_asers-10                                	   10000	       301.0 ns/op	      16 B/op	       1 allocs/op
BenchmarkAll/impl=errors.As/c=joiner_that_contains_many_false_asers-10                                	   10000	       302.5 ns/op	      16 B/op	       1 allocs/op
BenchmarkAll/impl=errors.As/c=joiner_that_contains_many_false_asers-10                                	   10000	       295.4 ns/op	      16 B/op	       1 allocs/op
BenchmarkAll/impl=errors.As/c=joiner_that_contains_many_false_asers-10                                	   10000	       297.1 ns/op	      16 B/op	       1 allocs/op
BenchmarkAll/impl=errors.As/c=joiner_that_contains_many_false_asers-10                                	   10000	       301.3 ns/op	      16 B/op	       1 allocs/op
BenchmarkAll/impl=errutil.As/c=joiner_that_contains_many_false_asers-10                               	   10000	       187.6 ns/op	      32 B/op	       2 allocs/op
BenchmarkAll/impl=errutil.As/c=joiner_that_contains_many_false_asers-10                               	   10000	       178.9 ns/op	      32 B/op	       2 allocs/op
BenchmarkAll/impl=errutil.As/c=joiner_that_contains_many_false_asers-10                               	   10000	       178.2 ns/op	      32 B/op	       2 allocs/op
BenchmarkAll/impl=errutil.As/c=joiner_that_contains_many_false_asers-10                               	   10000	       176.8 ns/op	      32 B/op	       2 allocs/op
BenchmarkAll/impl=errutil.As/c=joiner_that_contains_many_false_asers-10                               	   10000	       177.3 ns/op	      32 B/op	       2 allocs/op
BenchmarkAll/impl=errutil.As/c=joiner_that_contains_many_false_asers-10                               	   10000	       178.3 ns/op	      32 B/op	       2 allocs/op
BenchmarkAll/impl=errutil.As/c=joiner_that_contains_many_false_asers-10                               	   10000	       176.4 ns/op	      32 B/op	       2 allocs/op
BenchmarkAll/impl=errutil.As/c=joiner_that_contains_many_false_asers-10                               	   10000	       178.0 ns/op	      32 B/op	       2 allocs/op
BenchmarkAll/impl=errutil.As/c=joiner_that_contains_many_false_asers-10                               	   10000	       176.6 ns/op	      32 B/op	       2 allocs/op
BenchmarkAll/impl=errutil.As/c=joiner_that_contains_many_false_asers-10                               	   10000	       177.0 ns/op	      32 B/op	       2 allocs/op
BenchmarkAll/impl=errutil.Find/c=joiner_that_contains_many_false_asers-10                             	   10000	       161.6 ns/op	      16 B/op	       1 allocs/op
BenchmarkAll/impl=errutil.Find/c=joiner_that_contains_many_false_asers-10                             	   10000	       160.3 ns/op	      16 B/op	       1 allocs/op
BenchmarkAll/impl=errutil.Find/c=joiner_that_contains_many_false_asers-10                             	   10000	       160.9 ns/op	      16 B/op	       1 allocs/op
BenchmarkAll/impl=errutil.Find/c=joiner_that_contains_many_false_asers-10                             	   10000	       165.8 ns/op	      16 B/op	       1 allocs/op
BenchmarkAll/impl=errutil.Find/c=joiner_that_contains_many_false_asers-10                             	   10000	       161.2 ns/op	      16 B/op	       1 allocs/op
BenchmarkAll/impl=errutil.Find/c=joiner_that_contains_many_false_asers-10                             	   10000	       160.2 ns/op	      16 B/op	       1 allocs/op
BenchmarkAll/impl=errutil.Find/c=joiner_that_contains_many_false_asers-10                             	   10000	       159.9 ns/op	      16 B/op	       1 allocs/op
BenchmarkAll/impl=errutil.Find/c=joiner_that_contains_many_false_asers-10                             	   10000	       163.2 ns/op	      16 B/op	       1 allocs/op
BenchmarkAll/impl=errutil.Find/c=joiner_that_contains_many_false_asers-10                             	   10000	       160.8 ns/op	      16 B/op	       1 allocs/op
BenchmarkAll/impl=errutil.Find/c=joiner_that_contains_many_false_asers-10                             	   10000	       160.4 ns/op	      16 B/op	       1 allocs/op
PASS
ok  	github.com/jub0bs/errutil	1.055s
